2019-05-19 16:32:41,713:DEBUG:Add: 20 + 10 = 30
2019-05-19 16:32:41,713:DEBUG:Sub: 20 - 10 = 10
2019-05-19 16:32:41,713:DEBUG:Mul: 20 * 10 = 200
2019-05-19 16:32:41,713:DEBUG:Div: 20 / 10 = 2.0
2019-05-19 16:33:17,414:DEBUG:Add: 20 + 4 = 24
2019-05-19 16:33:17,415:DEBUG:Sub: 20 - 4 = 16
2019-05-19 16:33:17,415:DEBUG:Mul: 20 * 4 = 80
2019-05-19 16:33:17,415:DEBUG:Div: 20 / 4 = 5.0
2019-05-19 16:45:00,038:INFO:Add: 20 + 4 = 24
2019-05-19 16:45:00,039:INFO:Sub: 20 - 4 = 16
2019-05-19 16:45:00,039:INFO:Mul: 20 * 4 = 80
2019-05-19 16:45:00,039:INFO:Div: 20 / 4 = 5.0
